0 0.0 True Optimization terminated successfully 1.0577550517554035 1.0577550517554033 -8.881784197001252e-16 12
0 0.1 True Optimization terminated successfully 1.0577550517554033 1.0577550517554033 -1.1102230246251565e-15 12
0 0.3 True Optimization terminated successfully 1.0577550517554035 1.0577550517554033 -1.5543122344752192e-15 12
0 0.6 True Optimization terminated successfully 1.0577550517554104 1.0577550517554033 -2.9976021664879227e-14 11
1 0.0 True Optimization terminated successfully 1.0 1.0 0.0 2
1 0.1 True Optimization terminated successfully 1.0000000000000004 1.0 -1.5543122344752192e-15 6
1 0.3 False Positive directional derivative for linesearch 1.000000002672121 1.0 -5.344241937876859e-09 10
1 0.6 True Optimization terminated successfully 1.0000000000000115 1.0 -2.3314683517128287e-14 7
2 0.0 False Positive directional derivative for linesearch 1.1400000000026194 1.14 -4.595657188133373e-12 15
2 0.1 False Positive directional derivative for linesearch 1.140000000009586 1.14 -1.681854655544157e-11 18
2 0.3 False Positive directional derivative for linesearch 1.1400000001479107 1.14 -2.5949331572405754e-10 16
2 0.6 False Positive directional derivative for linesearch 1.1400000000016528 1.14 -2.899902540320909e-12 17
3 0.0 True Optimization terminated successfully 1.179905601864135 1.1799056018641347 -2.220446049250313e-15 15
3 0.1 True Optimization terminated successfully 1.1799056018641347 1.1799056018641347 -1.1102230246251565e-15 14
3 0.3 True Optimization terminated successfully 1.1799056018641347 1.1799056018641347 -1.3322676295501878e-15 14
3 0.6 True Optimization terminated successfully 1.1799056018641394 1.1799056018641347 -1.84297022087776e-14 12
4 0.0 True Optimization terminated successfully 0.6999999999999998 0.7 -4.440892098500626e-16 8
4 0.1 True Optimization terminated successfully 0.7 0.7 -4.440892098500626e-16 8
4 0.3 True Optimization terminated successfully 0.6999999999999998 0.7 -4.440892098500626e-16 8
4 0.6 True Optimization terminated successfully 0.7000000000000026 0.7 -2.1316282072803006e-14 6
6 0.0 False Positive directional derivative for linesearch 1.0000000000054838 1.0 -1.0967671215666996e-11 18
6 0.1 True Optimization terminated successfully 0.9999999999999997 1.0 2.220446049250313e-16 10
6 0.3 True Optimization terminated successfully 1.0000000000000004 1.0 -1.3322676295501878e-15 10
6 0.6 True Optimization terminated successfully 1.0000000000001366 1.0 -2.7355895326763857e-13 13
